09:43:50 **** Clean-only build of configuration Debug for project blink_plain_C ****
make -j16 clean 
rm -rf *
 
09:43:51 **** Build of configuration Debug for project blink_plain_C ****
make -j16 all 
arm-none-eabi-gcc -mcpu=cortex-m4 -g3 -c -x assembler-with-cpp -MMD -MP -MF"Startup/startup_stm32l475vgtx.d" -MT"Startup/startup_stm32l475vgtx.o" --specs=nano.specs -mfpu=fpv4-sp-d16 -mfloat-abi=hard -mthumb -o "Startup/startup_stm32l475vgtx.o" "../Startup/startup_stm32l475vgtx.s"
arm-none-eabi-gcc "../Src/main.c" -mcpu=cortex-m4 -std=gnu11 -g3 -DSTM32L4 -DSTM32 -DDEBUG -DSTM32L475VGTx -c -I../Inc -O0 -ffunction-sections -fdata-sections -Wall -fstack-usage -fcyclomatic-complexity -MMD -MP -MF"Src/main.d" -MT"Src/main.o" --specs=nano.specs -mfpu=fpv4-sp-d16 -mfloat-abi=hard -mthumb -o "Src/main.o"
arm-none-eabi-gcc -o "blink_plain_C.elf" @"objects.list"   -mcpu=cortex-m4 -T"C:\Users\dtc20\STM32CubeIDE\workspace_1.16.1\EE2028_Lab1\Lab1\blink_plain_C\STM32L475VGTX_FLASH.ld" --specs=nosys.specs -Wl,-Map="blink_plain_C.map" -Wl,--gc-sections -static --specs=nano.specs -mfpu=fpv4-sp-d16 -mfloat-abi=hard -mthumb -Wl,--start-group -lc -lm -Wl,--end-group
C:/ST/STM32CubeIDE_1.16.1/STM32CubeIDE/plugins/com.st.stm32cube.ide.mcu.externaltools.gnu-tools-for-stm32.12.3.rel1.win32_1.0.200.202406191623/tools/bin/../lib/gcc/arm-none-eabi/12.3.1/../../../../arm-none-eabi/bin/ld.exe: C:/ST/STM32CubeIDE_1.16.1/STM32CubeIDE/plugins/com.st.stm32cube.ide.mcu.externaltools.gnu-tools-for-stm32.12.3.rel1.win32_1.0.200.202406191623/tools/bin/../lib/gcc/arm-none-eabi/12.3.1/../../../../arm-none-eabi/lib/thumb/v7e-m+fp/hard\libc_nano.a(libc_a-closer.o): in function `_close_r':
(.text._close_r+0xc): warning: _close is not implemented and will always fail
C:/ST/STM32CubeIDE_1.16.1/STM32CubeIDE/plugins/com.st.stm32cube.ide.mcu.externaltools.gnu-tools-for-stm32.12.3.rel1.win32_1.0.200.202406191623/tools/bin/../lib/gcc/arm-none-eabi/12.3.1/../../../../arm-none-eabi/bin/ld.exe: C:/ST/STM32CubeIDE_1.16.1/STM32CubeIDE/plugins/com.st.stm32cube.ide.mcu.externaltools.gnu-tools-for-stm32.12.3.rel1.win32_1.0.200.202406191623/tools/bin/../lib/gcc/arm-none-eabi/12.3.1/../../../../arm-none-eabi/lib/thumb/v7e-m+fp/hard\libc_nano.a(libc_a-lseekr.o): in function `_lseek_r':
(.text._lseek_r+0x10): warning: _lseek is not implemented and will always fail
C:/ST/STM32CubeIDE_1.16.1/STM32CubeIDE/plugins/com.st.stm32cube.ide.mcu.externaltools.gnu-tools-for-stm32.12.3.rel1.win32_1.0.200.202406191623/tools/bin/../lib/gcc/arm-none-eabi/12.3.1/../../../../arm-none-eabi/bin/ld.exe: C:/ST/STM32CubeIDE_1.16.1/STM32CubeIDE/plugins/com.st.stm32cube.ide.mcu.externaltools.gnu-tools-for-stm32.12.3.rel1.win32_1.0.200.202406191623/tools/bin/../lib/gcc/arm-none-eabi/12.3.1/../../../../arm-none-eabi/lib/thumb/v7e-m+fp/hard\libc_nano.a(libc_a-readr.o): in function `_read_r':
(.text._read_r+0x10): warning: _read is not implemented and will always fail
C:/ST/STM32CubeIDE_1.16.1/STM32CubeIDE/plugins/com.st.stm32cube.ide.mcu.externaltools.gnu-tools-for-stm32.12.3.rel1.win32_1.0.200.202406191623/tools/bin/../lib/gcc/arm-none-eabi/12.3.1/../../../../arm-none-eabi/bin/ld.exe: C:/ST/STM32CubeIDE_1.16.1/STM32CubeIDE/plugins/com.st.stm32cube.ide.mcu.externaltools.gnu-tools-for-stm32.12.3.rel1.win32_1.0.200.202406191623/tools/bin/../lib/gcc/arm-none-eabi/12.3.1/../../../../arm-none-eabi/lib/thumb/v7e-m+fp/hard\libc_nano.a(libc_a-writer.o): in function `_write_r':
(.text._write_r+0x10): warning: _write is not implemented and will always fail
C:/ST/STM32CubeIDE_1.16.1/STM32CubeIDE/plugins/com.st.stm32cube.ide.mcu.externaltools.gnu-tools-for-stm32.12.3.rel1.win32_1.0.200.202406191623/tools/bin/../lib/gcc/arm-none-eabi/12.3.1/../../../../arm-none-eabi/bin/ld.exe: warning: blink_plain_C.elf has a LOAD segment with RWX permissions
Finished building target: blink_plain_C.elf
 
arm-none-eabi-size  blink_plain_C.elf 
arm-none-eabi-objdump -h -S blink_plain_C.elf  > "blink_plain_C.list"
   text	   data	    bss	    dec	    hex	filename
    824	     16	   1568	   2408	    968	blink_plain_C.elf
Finished building: default.size.stdout
 
Finished building: blink_plain_C.list
 
09:44:24 **** Incremental Build of configuration Debug for project blink_plain_C ****
make -j16 all 
arm-none-eabi-size  blink_plain_C.elf 
   text	   data	    bss	    dec	    hex	filename
    824	     16	   1568	   2408	    968	blink_plain_C.elf
Finished building: default.size.stdout
 
09:45:58 **** Incremental Build of configuration Debug for project blink_plain_C ****
make -j16 all 
arm-none-eabi-size  blink_plain_C.elf 
   text	   data	    bss	    dec	    hex	filename
    824	     16	   1568	   2408	    968	blink_plain_C.elf
Finished building: default.size.stdout
 
09:47:39 **** Incremental Build of configuration Debug for project blink_plain_C ****
make -j16 all 
arm-none-eabi-size  blink_plain_C.elf 
   text	   data	    bss	    dec	    hex	filename
    824	     16	   1568	   2408	    968	blink_plain_C.elf
Finished building: default.size.stdout
 
09:49:55 **** Clean-only build of configuration Debug for project blink_pure_asm ****
make -j16 clean 
rm -rf *
 
09:49:56 **** Build of configuration Debug for project blink_pure_asm ****
make -j16 all 
arm-none-eabi-gcc -mcpu=cortex-m4 -g3 -c -x assembler-with-cpp -MMD -MP -MF"Startup/startup_stm32l475vgtx.d" -MT"Startup/startup_stm32l475vgtx.o" --specs=nano.specs -mfpu=fpv4-sp-d16 -mfloat-abi=hard -mthumb -o "Startup/startup_stm32l475vgtx.o" "../Startup/startup_stm32l475vgtx.s"
arm-none-eabi-gcc -mcpu=cortex-m4 -g3 -c -x assembler-with-cpp -MMD -MP -MF"Src/main.d" -MT"Src/main.o" --specs=nano.specs -mfpu=fpv4-sp-d16 -mfloat-abi=hard -mthumb -o "Src/main.o" "../Src/main.s"
arm-none-eabi-gcc -o "blink_pure_asm.elf" @"objects.list"   -mcpu=cortex-m4 -T"C:\Users\dtc20\STM32CubeIDE\workspace_1.16.1\EE2028_Lab1\Lab1\blink_pure_asm\STM32L475VGTX_FLASH.ld" --specs=nosys.specs -Wl,-Map="blink_pure_asm.map" -Wl,--gc-sections -static --specs=nano.specs -mfpu=fpv4-sp-d16 -mfloat-abi=hard -mthumb -Wl,--start-group -lc -lm -Wl,--end-group
C:/ST/STM32CubeIDE_1.16.1/STM32CubeIDE/plugins/com.st.stm32cube.ide.mcu.externaltools.gnu-tools-for-stm32.12.3.rel1.win32_1.0.200.202406191623/tools/bin/../lib/gcc/arm-none-eabi/12.3.1/../../../../arm-none-eabi/bin/ld.exe: C:/ST/STM32CubeIDE_1.16.1/STM32CubeIDE/plugins/com.st.stm32cube.ide.mcu.externaltools.gnu-tools-for-stm32.12.3.rel1.win32_1.0.200.202406191623/tools/bin/../lib/gcc/arm-none-eabi/12.3.1/../../../../arm-none-eabi/lib/thumb/v7e-m+fp/hard\libc_nano.a(libc_a-closer.o): in function `_close_r':
(.text._close_r+0xc): warning: _close is not implemented and will always fail
C:/ST/STM32CubeIDE_1.16.1/STM32CubeIDE/plugins/com.st.stm32cube.ide.mcu.externaltools.gnu-tools-for-stm32.12.3.rel1.win32_1.0.200.202406191623/tools/bin/../lib/gcc/arm-none-eabi/12.3.1/../../../../arm-none-eabi/bin/ld.exe: C:/ST/STM32CubeIDE_1.16.1/STM32CubeIDE/plugins/com.st.stm32cube.ide.mcu.externaltools.gnu-tools-for-stm32.12.3.rel1.win32_1.0.200.202406191623/tools/bin/../lib/gcc/arm-none-eabi/12.3.1/../../../../arm-none-eabi/lib/thumb/v7e-m+fp/hard\libc_nano.a(libc_a-lseekr.o): in function `_lseek_r':
(.text._lseek_r+0x10): warning: _lseek is not implemented and will always fail
C:/ST/STM32CubeIDE_1.16.1/STM32CubeIDE/plugins/com.st.stm32cube.ide.mcu.externaltools.gnu-tools-for-stm32.12.3.rel1.win32_1.0.200.202406191623/tools/bin/../lib/gcc/arm-none-eabi/12.3.1/../../../../arm-none-eabi/bin/ld.exe: C:/ST/STM32CubeIDE_1.16.1/STM32CubeIDE/plugins/com.st.stm32cube.ide.mcu.externaltools.gnu-tools-for-stm32.12.3.rel1.win32_1.0.200.202406191623/tools/bin/../lib/gcc/arm-none-eabi/12.3.1/../../../../arm-none-eabi/lib/thumb/v7e-m+fp/hard\libc_nano.a(libc_a-readr.o): in function `_read_r':
(.text._read_r+0x10): warning: _read is not implemented and will always fail
C:/ST/STM32CubeIDE_1.16.1/STM32CubeIDE/plugins/com.st.stm32cube.ide.mcu.externaltools.gnu-tools-for-stm32.12.3.rel1.win32_1.0.200.202406191623/tools/bin/../lib/gcc/arm-none-eabi/12.3.1/../../../../arm-none-eabi/bin/ld.exe: C:/ST/STM32CubeIDE_1.16.1/STM32CubeIDE/plugins/com.st.stm32cube.ide.mcu.externaltools.gnu-tools-for-stm32.12.3.rel1.win32_1.0.200.202406191623/tools/bin/../lib/gcc/arm-none-eabi/12.3.1/../../../../arm-none-eabi/lib/thumb/v7e-m+fp/hard\libc_nano.a(libc_a-writer.o): in function `_write_r':
(.text._write_r+0x10): warning: _write is not implemented and will always fail
C:/ST/STM32CubeIDE_1.16.1/STM32CubeIDE/plugins/com.st.stm32cube.ide.mcu.externaltools.gnu-tools-for-stm32.12.3.rel1.win32_1.0.200.202406191623/tools/bin/../lib/gcc/arm-none-eabi/12.3.1/../../../../arm-none-eabi/bin/ld.exe: warning: blink_pure_asm.elf has a LOAD segment with RWX permissions
Finished building target: blink_pure_asm.elf
 
arm-none-eabi-size  blink_pure_asm.elf 
arm-none-eabi-objdump -h -S blink_pure_asm.elf  > "blink_pure_asm.list"
   text	   data	    bss	    dec	    hex	filename
    744	     16	   1568	   2328	    918	blink_pure_asm.elf
Finished building: default.size.stdout
 
Finished building: blink_pure_asm.list
 
09:55:38 **** Build of configuration Debug for project blink_plain_C ****
make -j16 all 
arm-none-eabi-size  blink_plain_C.elf 
   text	   data	    bss	    dec	    hex	filename
    824	     16	   1568	   2408	    968	blink_plain_C.elf
Finished building: default.size.stdout
 
10:08:04 **** Clean-only build of configuration Debug for project asm_basic ****
make -j16 clean 
rm -rf *
 
10:08:04 **** Build of configuration Debug for project asm_basic ****
make -j16 all 
arm-none-eabi-gcc -mcpu=cortex-m4 -g3 -c -x assembler-with-cpp -MMD -MP -MF"Startup/startup_stm32l475vgtx.d" -MT"Startup/startup_stm32l475vgtx.o" --specs=nano.specs -mfpu=fpv4-sp-d16 -mfloat-abi=hard -mthumb -o "Startup/startup_stm32l475vgtx.o" "../Startup/startup_stm32l475vgtx.s"
arm-none-eabi-gcc -mcpu=cortex-m4 -g3 -c -x assembler-with-cpp -MMD -MP -MF"Src/main.d" -MT"Src/main.o" --specs=nano.specs -mfpu=fpv4-sp-d16 -mfloat-abi=hard -mthumb -o "Src/main.o" "../Src/main.s"
arm-none-eabi-gcc -o "asm_basic.elf" @"objects.list"   -mcpu=cortex-m4 -T"C:\Users\dtc20\STM32CubeIDE\workspace_1.16.1\EE2028_Lab1\Lab1\asm_basic\STM32L475VGTX_FLASH.ld" --specs=nosys.specs -Wl,-Map="asm_basic.map" -Wl,--gc-sections -static --specs=nano.specs -mfpu=fpv4-sp-d16 -mfloat-abi=hard -mthumb -Wl,--start-group -lc -lm -Wl,--end-group
C:/ST/STM32CubeIDE_1.16.1/STM32CubeIDE/plugins/com.st.stm32cube.ide.mcu.externaltools.gnu-tools-for-stm32.12.3.rel1.win32_1.0.200.202406191623/tools/bin/../lib/gcc/arm-none-eabi/12.3.1/../../../../arm-none-eabi/bin/ld.exe: C:/ST/STM32CubeIDE_1.16.1/STM32CubeIDE/plugins/com.st.stm32cube.ide.mcu.externaltools.gnu-tools-for-stm32.12.3.rel1.win32_1.0.200.202406191623/tools/bin/../lib/gcc/arm-none-eabi/12.3.1/../../../../arm-none-eabi/lib/thumb/v7e-m+fp/hard\libc_nano.a(libc_a-closer.o): in function `_close_r':
(.text._close_r+0xc): warning: _close is not implemented and will always fail
C:/ST/STM32CubeIDE_1.16.1/STM32CubeIDE/plugins/com.st.stm32cube.ide.mcu.externaltools.gnu-tools-for-stm32.12.3.rel1.win32_1.0.200.202406191623/tools/bin/../lib/gcc/arm-none-eabi/12.3.1/../../../../arm-none-eabi/bin/ld.exe: C:/ST/STM32CubeIDE_1.16.1/STM32CubeIDE/plugins/com.st.stm32cube.ide.mcu.externaltools.gnu-tools-for-stm32.12.3.rel1.win32_1.0.200.202406191623/tools/bin/../lib/gcc/arm-none-eabi/12.3.1/../../../../arm-none-eabi/lib/thumb/v7e-m+fp/hard\libc_nano.a(libc_a-lseekr.o): in function `_lseek_r':
(.text._lseek_r+0x10): warning: _lseek is not implemented and will always fail
C:/ST/STM32CubeIDE_1.16.1/STM32CubeIDE/plugins/com.st.stm32cube.ide.mcu.externaltools.gnu-tools-for-stm32.12.3.rel1.win32_1.0.200.202406191623/tools/bin/../lib/gcc/arm-none-eabi/12.3.1/../../../../arm-none-eabi/bin/ld.exe: C:/ST/STM32CubeIDE_1.16.1/STM32CubeIDE/plugins/com.st.stm32cube.ide.mcu.externaltools.gnu-tools-for-stm32.12.3.rel1.win32_1.0.200.202406191623/tools/bin/../lib/gcc/arm-none-eabi/12.3.1/../../../../arm-none-eabi/lib/thumb/v7e-m+fp/hard\libc_nano.a(libc_a-readr.o): in function `_read_r':
(.text._read_r+0x10): warning: _read is not implemented and will always fail
C:/ST/STM32CubeIDE_1.16.1/STM32CubeIDE/plugins/com.st.stm32cube.ide.mcu.externaltools.gnu-tools-for-stm32.12.3.rel1.win32_1.0.200.202406191623/tools/bin/../lib/gcc/arm-none-eabi/12.3.1/../../../../arm-none-eabi/bin/ld.exe: C:/ST/STM32CubeIDE_1.16.1/STM32CubeIDE/plugins/com.st.stm32cube.ide.mcu.externaltools.gnu-tools-for-stm32.12.3.rel1.win32_1.0.200.202406191623/tools/bin/../lib/gcc/arm-none-eabi/12.3.1/../../../../arm-none-eabi/lib/thumb/v7e-m+fp/hard\libc_nano.a(libc_a-writer.o): in function `_write_r':
(.text._write_r+0x10): warning: _write is not implemented and will always fail
C:/ST/STM32CubeIDE_1.16.1/STM32CubeIDE/plugins/com.st.stm32cube.ide.mcu.externaltools.gnu-tools-for-stm32.12.3.rel1.win32_1.0.200.202406191623/tools/bin/../lib/gcc/arm-none-eabi/12.3.1/../../../../arm-none-eabi/bin/ld.exe: warning: asm_basic.elf has a LOAD segment with RWX permissions
Finished building target: asm_basic.elf
 
arm-none-eabi-size  asm_basic.elf 
arm-none-eabi-objdump -h -S asm_basic.elf  > "asm_basic.list"
   text	   data	    bss	    dec	    hex	filename
    680	     16	   1568	   2264	    8d8	asm_basic.elf
Finished building: default.size.stdout
 
Finished building: asm_basic.list
 
10:08:13 **** Incremental Build of configuration Debug for project asm_basic ****
make -j16 all 
arm-none-eabi-size  asm_basic.elf 
   text	   data	    bss	    dec	    hex	filename
    680	     16	   1568	   2264	    8d8	asm_basic.elf
Finished building: default.size.stdout
 
10:09:21 **** Incremental Build of configuration Debug for project asm_basic ****
make -j16 all 
arm-none-eabi-size  asm_basic.elf 
   text	   data	    bss	    dec	    hex	filename
    680	     16	   1568	   2264	    8d8	asm_basic.elf
Finished building: default.size.stdout
 
10:12:59 **** Incremental Build of configuration Debug for project asm_basic ****
make -j16 all 
arm-none-eabi-gcc -mcpu=cortex-m4 -g3 -c -x assembler-with-cpp -MMD -MP -MF"Src/main.d" -MT"Src/main.o" --specs=nano.specs -mfpu=fpv4-sp-d16 -mfloat-abi=hard -mthumb -o "Src/main.o" "../Src/main.s"
arm-none-eabi-gcc -o "asm_basic.elf" @"objects.list"   -mcpu=cortex-m4 -T"C:\Users\dtc20\STM32CubeIDE\workspace_1.16.1\EE2028_Lab1\Lab1\asm_basic\STM32L475VGTX_FLASH.ld" --specs=nosys.specs -Wl,-Map="asm_basic.map" -Wl,--gc-sections -static --specs=nano.specs -mfpu=fpv4-sp-d16 -mfloat-abi=hard -mthumb -Wl,--start-group -lc -lm -Wl,--end-group
C:/ST/STM32CubeIDE_1.16.1/STM32CubeIDE/plugins/com.st.stm32cube.ide.mcu.externaltools.gnu-tools-for-stm32.12.3.rel1.win32_1.0.200.202406191623/tools/bin/../lib/gcc/arm-none-eabi/12.3.1/../../../../arm-none-eabi/bin/ld.exe: C:/ST/STM32CubeIDE_1.16.1/STM32CubeIDE/plugins/com.st.stm32cube.ide.mcu.externaltools.gnu-tools-for-stm32.12.3.rel1.win32_1.0.200.202406191623/tools/bin/../lib/gcc/arm-none-eabi/12.3.1/../../../../arm-none-eabi/lib/thumb/v7e-m+fp/hard\libc_nano.a(libc_a-closer.o): in function `_close_r':
(.text._close_r+0xc): warning: _close is not implemented and will always fail
C:/ST/STM32CubeIDE_1.16.1/STM32CubeIDE/plugins/com.st.stm32cube.ide.mcu.externaltools.gnu-tools-for-stm32.12.3.rel1.win32_1.0.200.202406191623/tools/bin/../lib/gcc/arm-none-eabi/12.3.1/../../../../arm-none-eabi/bin/ld.exe: C:/ST/STM32CubeIDE_1.16.1/STM32CubeIDE/plugins/com.st.stm32cube.ide.mcu.externaltools.gnu-tools-for-stm32.12.3.rel1.win32_1.0.200.202406191623/tools/bin/../lib/gcc/arm-none-eabi/12.3.1/../../../../arm-none-eabi/lib/thumb/v7e-m+fp/hard\libc_nano.a(libc_a-lseekr.o): in function `_lseek_r':
(.text._lseek_r+0x10): warning: _lseek is not implemented and will always fail
C:/ST/STM32CubeIDE_1.16.1/STM32CubeIDE/plugins/com.st.stm32cube.ide.mcu.externaltools.gnu-tools-for-stm32.12.3.rel1.win32_1.0.200.202406191623/tools/bin/../lib/gcc/arm-none-eabi/12.3.1/../../../../arm-none-eabi/bin/ld.exe: C:/ST/STM32CubeIDE_1.16.1/STM32CubeIDE/plugins/com.st.stm32cube.ide.mcu.externaltools.gnu-tools-for-stm32.12.3.rel1.win32_1.0.200.202406191623/tools/bin/../lib/gcc/arm-none-eabi/12.3.1/../../../../arm-none-eabi/lib/thumb/v7e-m+fp/hard\libc_nano.a(libc_a-readr.o): in function `_read_r':
(.text._read_r+0x10): warning: _read is not implemented and will always fail
C:/ST/STM32CubeIDE_1.16.1/STM32CubeIDE/plugins/com.st.stm32cube.ide.mcu.externaltools.gnu-tools-for-stm32.12.3.rel1.win32_1.0.200.202406191623/tools/bin/../lib/gcc/arm-none-eabi/12.3.1/../../../../arm-none-eabi/bin/ld.exe: C:/ST/STM32CubeIDE_1.16.1/STM32CubeIDE/plugins/com.st.stm32cube.ide.mcu.externaltools.gnu-tools-for-stm32.12.3.rel1.win32_1.0.200.202406191623/tools/bin/../lib/gcc/arm-none-eabi/12.3.1/../../../../arm-none-eabi/lib/thumb/v7e-m+fp/hard\libc_nano.a(libc_a-writer.o): in function `_write_r':
(.text._write_r+0x10): warning: _write is not implemented and will always fail
C:/ST/STM32CubeIDE_1.16.1/STM32CubeIDE/plugins/com.st.stm32cube.ide.mcu.externaltools.gnu-tools-for-stm32.12.3.rel1.win32_1.0.200.202406191623/tools/bin/../lib/gcc/arm-none-eabi/12.3.1/../../../../arm-none-eabi/bin/ld.exe: warning: asm_basic.elf has a LOAD segment with RWX permissions
Finished building target: asm_basic.elf
 
arm-none-eabi-size  asm_basic.elf 
arm-none-eabi-objdump -h -S asm_basic.elf  > "asm_basic.list"
   text	   data	    bss	    dec	    hex	filename
    680	     16	   1568	   2264	    8d8	asm_basic.elf
Finished building: default.size.stdout
 
Finished building: asm_basic.list
 
10:13:37 **** Incremental Build of configuration Debug for project asm_basic ****
make -j16 all 
arm-none-eabi-size  asm_basic.elf 
   text	   data	    bss	    dec	    hex	filename
    680	     16	   1568	   2264	    8d8	asm_basic.elf
Finished building: default.size.stdout
 
10:14:32 **** Incremental Build of configuration Debug for project asm_basic ****
make -j16 all 
arm-none-eabi-size  asm_basic.elf 
   text	   data	    bss	    dec	    hex	filename
    680	     16	   1568	   2264	    8d8	asm_basic.elf
Finished building: default.size.stdout
 
10:15:14 **** Incremental Build of configuration Debug for project asm_basic ****
make -j16 all 
arm-none-eabi-size  asm_basic.elf 
   text	   data	    bss	    dec	    hex	filename
    680	     16	   1568	   2264	    8d8	asm_basic.elf
Finished building: default.size.stdout
 
10:16:21 **** Incremental Build of configuration Debug for project asm_basic ****
make -j16 all 
arm-none-eabi-size  asm_basic.elf 
   text	   data	    bss	    dec	    hex	filename
    680	     16	   1568	   2264	    8d8	asm_basic.elf
Finished building: default.size.stdout
 
10:16:40 **** Incremental Build of configuration Debug for project asm_basic ****
make -j16 all 
arm-none-eabi-size  asm_basic.elf 
   text	   data	    bss	    dec	    hex	filename
    680	     16	   1568	   2264	    8d8	asm_basic.elf
Finished building: default.size.stdout
 
10:17:38 **** Incremental Build of configuration Debug for project asm_basic ****
make -j16 all 
arm-none-eabi-size  asm_basic.elf 
   text	   data	    bss	    dec	    hex	filename
    680	     16	   1568	   2264	    8d8	asm_basic.elf
Finished building: default.size.stdout
 
10:17:42 **** Incremental Build of configuration Debug for project asm_basic ****
make -j16 all 
arm-none-eabi-size  asm_basic.elf 
   text	   data	    bss	    dec	    hex	filename
    680	     16	   1568	   2264	    8d8	asm_basic.elf
Finished building: default.size.stdout
 
10:19:53 **** Incremental Build of configuration Debug for project asm_basic ****
make -j16 all 
arm-none-eabi-size  asm_basic.elf 
   text	   data	    bss	    dec	    hex	filename
    680	     16	   1568	   2264	    8d8	asm_basic.elf
Finished building: default.size.stdout
 
10:21:31 **** Incremental Build of configuration Debug for project asm_basic ****
make -j16 all 
arm-none-eabi-size  asm_basic.elf 
   text	   data	    bss	    dec	    hex	filename
    680	     16	   1568	   2264	    8d8	asm_basic.elf
Finished building: default.size.stdout
 
10:21:59 **** Incremental Build of configuration Debug for project asm_basic ****
make -j16 all 
arm-none-eabi-size  asm_basic.elf 
   text	   data	    bss	    dec	    hex	filename
    680	     16	   1568	   2264	    8d8	asm_basic.elf
Finished building: default.size.stdout
 
09:24:05 **** Build of configuration Debug for project Assign1 ****
make -j16 all 
arm-none-eabi-gcc -mcpu=cortex-m4 -g3 -c -x assembler-with-cpp -MMD -MP -MF"Startup/startup_stm32l475vgtx.d" -MT"Startup/startup_stm32l475vgtx.o" --specs=nano.specs -mfpu=fpv4-sp-d16 -mfloat-abi=soft -mthumb -o "Startup/startup_stm32l475vgtx.o" "../Startup/startup_stm32l475vgtx.s"
arm-none-eabi-gcc -mcpu=cortex-m4 -g3 -c -x assembler-with-cpp -MMD -MP -MF"Src/asm_func.d" -MT"Src/asm_func.o" --specs=nano.specs -mfpu=fpv4-sp-d16 -mfloat-abi=soft -mthumb -o "Src/asm_func.o" "../Src/asm_func.s"
arm-none-eabi-gcc "../Src/main.c" -mcpu=cortex-m4 -std=gnu11 -g3 -DSTM32L4 -DSTM32 -DDEBUG -DSTM32L475VGTx -c -O0 -ffunction-sections -fdata-sections -Wall -fstack-usage -fcyclomatic-complexity -MMD -MP -MF"Src/main.d" -MT"Src/main.o" --specs=nano.specs -mfpu=fpv4-sp-d16 -mfloat-abi=soft -mthumb -o "Src/main.o"
arm-none-eabi-gcc "../Src/sysmem.c" -mcpu=cortex-m4 -std=gnu11 -g3 -DSTM32L4 -DSTM32 -DDEBUG -DSTM32L475VGTx -c -O0 -ffunction-sections -fdata-sections -Wall -fstack-usage -fcyclomatic-complexity -MMD -MP -MF"Src/sysmem.d" -MT"Src/sysmem.o" --specs=nano.specs -mfpu=fpv4-sp-d16 -mfloat-abi=soft -mthumb -o "Src/sysmem.o"
arm-none-eabi-gcc -o "Assign1.elf" @"objects.list"  -lrdimon -mcpu=cortex-m4 -T"C:\Users\dtc20\OneDrive - National University of Singapore\Desktop\Study\PreY2S2 Study\Pre-EE2028\Pre-EE2028\Labs\Lab2\Assign1\Assign1\STM32L475VGTX_FLASH.ld" --specs=nosys.specs -Wl,-Map="Assign1.map" -Wl,--gc-sections -static -specs=rdimon.specs -u _printf_float --specs=nano.specs -mfpu=fpv4-sp-d16 -mfloat-abi=soft -mthumb -u _printf_float -Wl,--start-group -lc -lm -Wl,--end-group
C:/ST/STM32CubeIDE_1.16.1/STM32CubeIDE/plugins/com.st.stm32cube.ide.mcu.externaltools.gnu-tools-for-stm32.12.3.rel1.win32_1.0.200.202406191623/tools/bin/../lib/gcc/arm-none-eabi/12.3.1/../../../../arm-none-eabi/bin/ld.exe: C:/ST/STM32CubeIDE_1.16.1/STM32CubeIDE/plugins/com.st.stm32cube.ide.mcu.externaltools.gnu-tools-for-stm32.12.3.rel1.win32_1.0.200.202406191623/tools/bin/../lib/gcc/arm-none-eabi/12.3.1/../../../../arm-none-eabi/lib/thumb/v7e-m/nofp\libc_nano.a(libc_a-signalr.o): in function `_kill_r':
(.text._kill_r+0xe): warning: _kill is not implemented and will always fail
C:/ST/STM32CubeIDE_1.16.1/STM32CubeIDE/plugins/com.st.stm32cube.ide.mcu.externaltools.gnu-tools-for-stm32.12.3.rel1.win32_1.0.200.202406191623/tools/bin/../lib/gcc/arm-none-eabi/12.3.1/../../../../arm-none-eabi/bin/ld.exe: warning: Assign1.elf has a LOAD segment with RWX permissions
Finished building target: Assign1.elf
 
arm-none-eabi-size  Assign1.elf 
arm-none-eabi-objdump -h -S Assign1.elf  > "Assign1.list"
   text	   data	    bss	    dec	    hex	filename
  16656	    472	   2072	  19200	   4b00	Assign1.elf
Finished building: default.size.stdout
 
Finished building: Assign1.list
 
09:26:16 **** Incremental Build of configuration Debug for project Assign1 ****
make -j16 all 
arm-none-eabi-gcc -mcpu=cortex-m4 -g3 -c -x assembler-with-cpp -MMD -MP -MF"Src/asm_func.d" -MT"Src/asm_func.o" --specs=nano.specs -mfpu=fpv4-sp-d16 -mfloat-abi=soft -mthumb -o "Src/asm_func.o" "../Src/asm_func.s"
arm-none-eabi-gcc -o "Assign1.elf" @"objects.list"  -lrdimon -mcpu=cortex-m4 -T"C:\Users\dtc20\OneDrive - National University of Singapore\Desktop\Study\PreY2S2 Study\Pre-EE2028\Pre-EE2028\Labs\Lab2\Assign1\Assign1\STM32L475VGTX_FLASH.ld" --specs=nosys.specs -Wl,-Map="Assign1.map" -Wl,--gc-sections -static -specs=rdimon.specs -u _printf_float --specs=nano.specs -mfpu=fpv4-sp-d16 -mfloat-abi=soft -mthumb -u _printf_float -Wl,--start-group -lc -lm -Wl,--end-group
C:/ST/STM32CubeIDE_1.16.1/STM32CubeIDE/plugins/com.st.stm32cube.ide.mcu.externaltools.gnu-tools-for-stm32.12.3.rel1.win32_1.0.200.202406191623/tools/bin/../lib/gcc/arm-none-eabi/12.3.1/../../../../arm-none-eabi/bin/ld.exe: C:/ST/STM32CubeIDE_1.16.1/STM32CubeIDE/plugins/com.st.stm32cube.ide.mcu.externaltools.gnu-tools-for-stm32.12.3.rel1.win32_1.0.200.202406191623/tools/bin/../lib/gcc/arm-none-eabi/12.3.1/../../../../arm-none-eabi/lib/thumb/v7e-m/nofp\libc_nano.a(libc_a-signalr.o): in function `_kill_r':
(.text._kill_r+0xe): warning: _kill is not implemented and will always fail
C:/ST/STM32CubeIDE_1.16.1/STM32CubeIDE/plugins/com.st.stm32cube.ide.mcu.externaltools.gnu-tools-for-stm32.12.3.rel1.win32_1.0.200.202406191623/tools/bin/../lib/gcc/arm-none-eabi/12.3.1/../../../../arm-none-eabi/bin/ld.exe: warning: Assign1.elf has a LOAD segment with RWX permissions
Finished building target: Assign1.elf
 
arm-none-eabi-size  Assign1.elf 
arm-none-eabi-objdump -h -S Assign1.elf  > "Assign1.list"
   text	   data	    bss	    dec	    hex	filename
  16656	    472	   2072	  19200	   4b00	Assign1.elf
Finished building: default.size.stdout
 
Finished building: Assign1.list
 
09:34:41 **** Incremental Build of configuration Debug for project Assign1 ****
make -j16 all 
arm-none-eabi-gcc -mcpu=cortex-m4 -g3 -c -x assembler-with-cpp -MMD -MP -MF"Src/asm_func.d" -MT"Src/asm_func.o" --specs=nano.specs -mfpu=fpv4-sp-d16 -mfloat-abi=soft -mthumb -o "Src/asm_func.o" "../Src/asm_func.s"
arm-none-eabi-gcc -o "Assign1.elf" @"objects.list"  -lrdimon -mcpu=cortex-m4 -T"C:\Users\dtc20\OneDrive - National University of Singapore\Desktop\Study\PreY2S2 Study\Pre-EE2028\Pre-EE2028\Labs\Lab2\Assign1\Assign1\STM32L475VGTX_FLASH.ld" --specs=nosys.specs -Wl,-Map="Assign1.map" -Wl,--gc-sections -static -specs=rdimon.specs -u _printf_float --specs=nano.specs -mfpu=fpv4-sp-d16 -mfloat-abi=soft -mthumb -u _printf_float -Wl,--start-group -lc -lm -Wl,--end-group
C:/ST/STM32CubeIDE_1.16.1/STM32CubeIDE/plugins/com.st.stm32cube.ide.mcu.externaltools.gnu-tools-for-stm32.12.3.rel1.win32_1.0.200.202406191623/tools/bin/../lib/gcc/arm-none-eabi/12.3.1/../../../../arm-none-eabi/bin/ld.exe: C:/ST/STM32CubeIDE_1.16.1/STM32CubeIDE/plugins/com.st.stm32cube.ide.mcu.externaltools.gnu-tools-for-stm32.12.3.rel1.win32_1.0.200.202406191623/tools/bin/../lib/gcc/arm-none-eabi/12.3.1/../../../../arm-none-eabi/lib/thumb/v7e-m/nofp\libc_nano.a(libc_a-signalr.o): in function `_kill_r':
(.text._kill_r+0xe): warning: _kill is not implemented and will always fail
C:/ST/STM32CubeIDE_1.16.1/STM32CubeIDE/plugins/com.st.stm32cube.ide.mcu.externaltools.gnu-tools-for-stm32.12.3.rel1.win32_1.0.200.202406191623/tools/bin/../lib/gcc/arm-none-eabi/12.3.1/../../../../arm-none-eabi/bin/ld.exe: warning: Assign1.elf has a LOAD segment with RWX permissions
Finished building target: Assign1.elf
 
arm-none-eabi-size  Assign1.elf 
arm-none-eabi-objdump -h -S Assign1.elf  > "Assign1.list"
   text	   data	    bss	    dec	    hex	filename
  16656	    472	   2072	  19200	   4b00	Assign1.elf
Finished building: default.size.stdout
 
Finished building: Assign1.list
 
10:04:02 **** Incremental Build of configuration Debug for project Assign1 ****
make -j16 all 
arm-none-eabi-gcc "../Src/main.c" -mcpu=cortex-m4 -std=gnu11 -g3 -DSTM32L4 -DSTM32 -DDEBUG -DSTM32L475VGTx -c -O0 -ffunction-sections -fdata-sections -Wall -fstack-usage -fcyclomatic-complexity -MMD -MP -MF"Src/main.d" -MT"Src/main.o" --specs=nano.specs -mfpu=fpv4-sp-d16 -mfloat-abi=soft -mthumb -o "Src/main.o"
arm-none-eabi-gcc -o "Assign1.elf" @"objects.list"  -lrdimon -mcpu=cortex-m4 -T"C:\Users\dtc20\OneDrive - National University of Singapore\Desktop\Study\PreY2S2 Study\Pre-EE2028\Pre-EE2028\Labs\Lab2\Assign1\Assign1\STM32L475VGTX_FLASH.ld" --specs=nosys.specs -Wl,-Map="Assign1.map" -Wl,--gc-sections -static -specs=rdimon.specs -u _printf_float --specs=nano.specs -mfpu=fpv4-sp-d16 -mfloat-abi=soft -mthumb -u _printf_float -Wl,--start-group -lc -lm -Wl,--end-group
C:/ST/STM32CubeIDE_1.16.1/STM32CubeIDE/plugins/com.st.stm32cube.ide.mcu.externaltools.gnu-tools-for-stm32.12.3.rel1.win32_1.0.200.202406191623/tools/bin/../lib/gcc/arm-none-eabi/12.3.1/../../../../arm-none-eabi/bin/ld.exe: C:/ST/STM32CubeIDE_1.16.1/STM32CubeIDE/plugins/com.st.stm32cube.ide.mcu.externaltools.gnu-tools-for-stm32.12.3.rel1.win32_1.0.200.202406191623/tools/bin/../lib/gcc/arm-none-eabi/12.3.1/../../../../arm-none-eabi/lib/thumb/v7e-m/nofp\libc_nano.a(libc_a-signalr.o): in function `_kill_r':
(.text._kill_r+0xe): warning: _kill is not implemented and will always fail
C:/ST/STM32CubeIDE_1.16.1/STM32CubeIDE/plugins/com.st.stm32cube.ide.mcu.externaltools.gnu-tools-for-stm32.12.3.rel1.win32_1.0.200.202406191623/tools/bin/../lib/gcc/arm-none-eabi/12.3.1/../../../../arm-none-eabi/bin/ld.exe: warning: Assign1.elf has a LOAD segment with RWX permissions
Finished building target: Assign1.elf
 
arm-none-eabi-size  Assign1.elf 
arm-none-eabi-objdump -h -S Assign1.elf  > "Assign1.list"
   text	   data	    bss	    dec	    hex	filename
  16656	    472	   2072	  19200	   4b00	Assign1.elf
Finished building: default.size.stdout
 
Finished building: Assign1.list
 
10:04:24 **** Incremental Build of configuration Debug for project Assign1 ****
make -j16 all 
arm-none-eabi-gcc -o "Assign1.elf" @"objects.list"  -lrdimon -mcpu=cortex-m4 -T"C:\Users\dtc20\OneDrive - National University of Singapore\Desktop\Study\PreY2S2 Study\Pre-EE2028\Pre-EE2028\Labs\Lab2\Assign1\Assign1\STM32L475VGTX_FLASH.ld" --specs=nosys.specs -Wl,-Map="Assign1.map" -Wl,--gc-sections -static -specs=rdimon.specs -u _printf_float --specs=nano.specs -mfpu=fpv4-sp-d16 -mfloat-abi=soft -mthumb -u _printf_float -Wl,--start-group -lc -lm -Wl,--end-group
C:/ST/STM32CubeIDE_1.16.1/STM32CubeIDE/plugins/com.st.stm32cube.ide.mcu.externaltools.gnu-tools-for-stm32.12.3.rel1.win32_1.0.200.202406191623/tools/bin/../lib/gcc/arm-none-eabi/12.3.1/../../../../arm-none-eabi/bin/ld.exe: C:/ST/STM32CubeIDE_1.16.1/STM32CubeIDE/plugins/com.st.stm32cube.ide.mcu.externaltools.gnu-tools-for-stm32.12.3.rel1.win32_1.0.200.202406191623/tools/bin/../lib/gcc/arm-none-eabi/12.3.1/../../../../arm-none-eabi/lib/thumb/v7e-m/nofp\libc_nano.a(libc_a-signalr.o): in function `_kill_r':
(.text._kill_r+0xe): warning: _kill is not implemented and will always fail
C:/ST/STM32CubeIDE_1.16.1/STM32CubeIDE/plugins/com.st.stm32cube.ide.mcu.externaltools.gnu-tools-for-stm32.12.3.rel1.win32_1.0.200.202406191623/tools/bin/../lib/gcc/arm-none-eabi/12.3.1/../../../../arm-none-eabi/bin/ld.exe: warning: Assign1.elf has a LOAD segment with RWX permissions
Finished building target: Assign1.elf
 
arm-none-eabi-size  Assign1.elf 
arm-none-eabi-objdump -h -S Assign1.elf  > "Assign1.list"
   text	   data	    bss	    dec	    hex	filename
  16656	    472	   2072	  19200	   4b00	Assign1.elf
Finished building: default.size.stdout
 
Finished building: Assign1.list
 
10:13:05 **** Incremental Build of configuration Debug for project Assign1 ****
make -j16 all 
arm-none-eabi-size  Assign1.elf 
   text	   data	    bss	    dec	    hex	filename
  16656	    472	   2072	  19200	   4b00	Assign1.elf
Finished building: default.size.stdout
 
16:00:10 **** Incremental Build of configuration Debug for project Assign1 ****
make -j16 all 
arm-none-eabi-gcc -mcpu=cortex-m4 -g3 -c -x assembler-with-cpp -MMD -MP -MF"Src/asm_func.d" -MT"Src/asm_func.o" --specs=nano.specs -mfpu=fpv4-sp-d16 -mfloat-abi=soft -mthumb -o "Src/asm_func.o" "../Src/asm_func.s"
arm-none-eabi-gcc -o "Assign1.elf" @"objects.list"  -lrdimon -mcpu=cortex-m4 -T"C:\Users\dtc20\OneDrive - National University of Singapore\Desktop\Study\PreY2S2 Study\Pre-EE2028\Pre-EE2028\Labs\Lab2\Assign1\Assign1\STM32L475VGTX_FLASH.ld" --specs=nosys.specs -Wl,-Map="Assign1.map" -Wl,--gc-sections -static -specs=rdimon.specs -u _printf_float --specs=nano.specs -mfpu=fpv4-sp-d16 -mfloat-abi=soft -mthumb -u _printf_float -Wl,--start-group -lc -lm -Wl,--end-group
C:/ST/STM32CubeIDE_1.16.1/STM32CubeIDE/plugins/com.st.stm32cube.ide.mcu.externaltools.gnu-tools-for-stm32.12.3.rel1.win32_1.0.200.202406191623/tools/bin/../lib/gcc/arm-none-eabi/12.3.1/../../../../arm-none-eabi/bin/ld.exe: C:/ST/STM32CubeIDE_1.16.1/STM32CubeIDE/plugins/com.st.stm32cube.ide.mcu.externaltools.gnu-tools-for-stm32.12.3.rel1.win32_1.0.200.202406191623/tools/bin/../lib/gcc/arm-none-eabi/12.3.1/../../../../arm-none-eabi/lib/thumb/v7e-m/nofp\libc_nano.a(libc_a-signalr.o): in function `_kill_r':
(.text._kill_r+0xe): warning: _kill is not implemented and will always fail
C:/ST/STM32CubeIDE_1.16.1/STM32CubeIDE/plugins/com.st.stm32cube.ide.mcu.externaltools.gnu-tools-for-stm32.12.3.rel1.win32_1.0.200.202406191623/tools/bin/../lib/gcc/arm-none-eabi/12.3.1/../../../../arm-none-eabi/bin/ld.exe: warning: Assign1.elf has a LOAD segment with RWX permissions
Finished building target: Assign1.elf
 
arm-none-eabi-size  Assign1.elf 
arm-none-eabi-objdump -h -S Assign1.elf  > "Assign1.list"
   text	   data	    bss	    dec	    hex	filename
  16656	    472	   2072	  19200	   4b00	Assign1.elf
Finished building: default.size.stdout
 
Finished building: Assign1.list
 
16:01:35 **** Incremental Build of configuration Debug for project Assign1 ****
make -j16 all 
arm-none-eabi-gcc "../Src/main.c" -mcpu=cortex-m4 -std=gnu11 -g3 -DSTM32L4 -DSTM32 -DDEBUG -DSTM32L475VGTx -c -O0 -ffunction-sections -fdata-sections -Wall -fstack-usage -fcyclomatic-complexity -MMD -MP -MF"Src/main.d" -MT"Src/main.o" --specs=nano.specs -mfpu=fpv4-sp-d16 -mfloat-abi=soft -mthumb -o "Src/main.o"
../Src/main.c: In function 'main':
../Src/main.c:42:46: error: 'LIMIT' undeclared (first use in this function)
   42 |                         if (building[i][j] < LIMIT) { // check if space available
      |                                              ^~~~~
../Src/main.c:42:46: note: each undeclared identifier is reported only once for each function it appears in
make: *** [Src/subdir.mk:31: Src/main.o] Error 1
"make -j16 all" terminated with exit code 2. Build might be incomplete.
16:01:59 **** Incremental Build of configuration Debug for project Assign1 ****
make -j16 all 
arm-none-eabi-gcc "../Src/main.c" -mcpu=cortex-m4 -std=gnu11 -g3 -DSTM32L4 -DSTM32 -DDEBUG -DSTM32L475VGTx -c -O0 -ffunction-sections -fdata-sections -Wall -fstack-usage -fcyclomatic-complexity -MMD -MP -MF"Src/main.d" -MT"Src/main.o" --specs=nano.specs -mfpu=fpv4-sp-d16 -mfloat-abi=soft -mthumb -o "Src/main.o"
arm-none-eabi-gcc -o "Assign1.elf" @"objects.list"  -lrdimon -mcpu=cortex-m4 -T"C:\Users\dtc20\OneDrive - National University of Singapore\Desktop\Study\PreY2S2 Study\Pre-EE2028\Pre-EE2028\Labs\Lab2\Assign1\Assign1\STM32L475VGTX_FLASH.ld" --specs=nosys.specs -Wl,-Map="Assign1.map" -Wl,--gc-sections -static -specs=rdimon.specs -u _printf_float --specs=nano.specs -mfpu=fpv4-sp-d16 -mfloat-abi=soft -mthumb -u _printf_float -Wl,--start-group -lc -lm -Wl,--end-group
C:/ST/STM32CubeIDE_1.16.1/STM32CubeIDE/plugins/com.st.stm32cube.ide.mcu.externaltools.gnu-tools-for-stm32.12.3.rel1.win32_1.0.200.202406191623/tools/bin/../lib/gcc/arm-none-eabi/12.3.1/../../../../arm-none-eabi/bin/ld.exe: C:/ST/STM32CubeIDE_1.16.1/STM32CubeIDE/plugins/com.st.stm32cube.ide.mcu.externaltools.gnu-tools-for-stm32.12.3.rel1.win32_1.0.200.202406191623/tools/bin/../lib/gcc/arm-none-eabi/12.3.1/../../../../arm-none-eabi/lib/thumb/v7e-m/nofp\libc_nano.a(libc_a-signalr.o): in function `_kill_r':
(.text._kill_r+0xe): warning: _kill is not implemented and will always fail
C:/ST/STM32CubeIDE_1.16.1/STM32CubeIDE/plugins/com.st.stm32cube.ide.mcu.externaltools.gnu-tools-for-stm32.12.3.rel1.win32_1.0.200.202406191623/tools/bin/../lib/gcc/arm-none-eabi/12.3.1/../../../../arm-none-eabi/bin/ld.exe: warning: Assign1.elf has a LOAD segment with RWX permissions
Finished building target: Assign1.elf
 
arm-none-eabi-size  Assign1.elf 
arm-none-eabi-objdump -h -S Assign1.elf  > "Assign1.list"
   text	   data	    bss	    dec	    hex	filename
  16992	    472	   2072	  19536	   4c50	Assign1.elf
Finished building: default.size.stdout
 
Finished building: Assign1.list
 
